// Jest Snapshot v1, https://goo.gl/fbAQLP

exports[`PatientAlergiesControl should render the component 1`] = `
<div>
  <div>
    <h2
      class="section-title"
    >
      Allergies
      <div
        class="add-button"
      >
        Add +
      </div>
    </h2>
    <div
      class="placeholder-text"
    >
      No Allergies for this patient.
    </div>
  </div>
</div>
`;
