// Jest Snapshot v1, https://goo.gl/fbAQLP

exports[`ProviderNotifications Component renders the component without crashing when drugs are to be acknowledged 1`] = `
<div>
  <div
    class="provider-notifications-next-ui"
  >
    <div
      class="provider-notification-headers"
    >
      <span>
        Acknowledgement required
        : 
      </span>
    </div>
    <ul
      class="bx--accordion patient-list-dropdown bx--accordion--end bx--accordion--md"
    >
      <li
        class="bx--accordion__item"
      >
        <button
          aria-controls="accordion-item-2"
          aria-expanded="false"
          class="bx--accordion__heading"
          type="button"
        >
          <svg
            aria-hidden="true"
            class="bx--accordion__arrow"
            fill="currentColor"
            focusable="false"
            height="16"
            preserveAspectRatio="xMidYMid meet"
            viewBox="0 0 16 16"
            width="16"
            xmlns="http://www.w3.org/2000/svg"
          >
            <path
              d="M11 8L6 13 5.3 12.3 9.6 8 5.3 3.7 6 3z"
            />
          </svg>
          <div
            class="bx--accordion__title"
            dir="auto"
          >
            <div
              class="patient-list-tile-content"
            >
              <div
                class="warning"
              >
                <svg
                  aria-hidden="true"
                  fill="currentColor"
                  focusable="false"
                  height="16"
                  preserveAspectRatio="xMidYMid meet"
                  viewBox="0 0 16 16"
                  width="16"
                  xmlns="http://www.w3.org/2000/svg"
                >
                  <path
                    d="M14.5,14h-13c-0.2,0-0.3-0.1-0.4-0.2c-0.1-0.2-0.1-0.3,0-0.5l6.5-12C7.7,1,8,0.9,8.2,1.1c0.1,0,0.2,0.1,0.2,0.2l6.5,12	c0.1,0.2,0.1,0.3,0,0.5C14.9,13.9,14.7,14,14.5,14z M2.3,13h11.3L8,2.5L2.3,13z"
                  />
                  <path
                    d="M7.5 6H8.5V9.5H7.5zM8 10.8c-.4 0-.8.3-.8.8s.3.8.8.8c.4 0 .8-.3.8-.8S8.4 10.8 8 10.8z"
                  />
                </svg>
                <span
                  class="drug-count"
                >
                  1
                </span>
              </div>
              <div
                class="patient-info"
              >
                <a
                  class="bx--link patient-id"
                >
                  (PID123)
                </a>
                <span>
                  John Doe - Male, 34 years 4 months 8 days
                </span>
              </div>
            </div>
          </div>
        </button>
        <div
          class="bx--accordion__content"
          id="accordion-item-2"
        >
          <div
            class="patient-list-content"
          >
            <span>
              9/6/2022
            </span>
            <div
              class="content-info"
            >
              <span>
                Drug A
              </span>
              <div
                class="notes"
              >
                <div
                  class="bx--form-item"
                >
                  <div
                    class="bx--text-area__label-wrapper"
                  >
                    <label
                      class="bx--label"
                    >
                      <div
                        class="titleText"
                      >
                        <span>
                          Note 
                        </span>
                        <span
                          class="required"
                        >
                          *
                        </span>
                      </div>
                    </label>
                  </div>
                  <div
                    class="bx--text-area__wrapper"
                  >
                    <textarea
                      class="bx--text-area patient-list-text-area"
                      cols="50"
                      placeholder="Enter Notes"
                      required=""
                      rows="1"
                    />
                  </div>
                </div>
                <button
                  class="patient-list-button bx--btn bx--btn--primary bx--btn--disabled"
                  disabled=""
                  tabindex="0"
                  type="button"
                >
                  Acknowledge
                </button>
              </div>
            </div>
          </div>
        </div>
      </li>
    </ul>
    <div
      class="alertContainer"
    />
  </div>
</div>
`;
