// Jest Snapshot v1, https://goo.gl/fbAQLP

exports[`TileItem should match the screenshot 1`] = `
<div>
  <div
    class="row-body"
  >
    <div
      class="row-element is-abnormal"
    >
      <div
        class="row-content"
      >
        <div
          class="row-label"
        >
          Comments
           
          <span
            class="sub-label"
          />
        </div>
        <div
          class="row-value"
        >
          test comment text
           
          
        </div>
      </div>
      <span
        class="notes-section"
      >
        <svg
          aria-hidden="true"
          class="document-icon"
          fill="currentColor"
          focusable="false"
          height="16"
          preserveAspectRatio="xMidYMid meet"
          viewBox="0 0 32 32"
          width="16"
          xmlns="http://www.w3.org/2000/svg"
        >
          <path
            d="M25.7,9.3l-7-7C18.5,2.1,18.3,2,18,2H8C6.9,2,6,2.9,6,4v24c0,1.1,0.9,2,2,2h16c1.1,0,2-0.9,2-2V10C26,9.7,25.9,9.5,25.7,9.3 z M18,4.4l5.6,5.6H18V4.4z M24,28H8V4h8v6c0,1.1,0.9,2,2,2h6V28z"
          />
          <path
            d="M10 22H22V24H10zM10 16H22V18H10z"
          />
        </svg>
        notes example - by test provider
      </span>
    </div>
    <div
      class="row-element is-abnormal"
    >
      <div
        class="row-content"
      >
        <div
          class="row-label"
        >
          Comments
           
          <span
            class="sub-label"
          />
        </div>
        <div
          class="row-value"
        >
          test comment text
           
          
        </div>
      </div>
      <span
        class="notes-section"
      >
        <svg
          aria-hidden="true"
          class="document-icon"
          fill="currentColor"
          focusable="false"
          height="16"
          preserveAspectRatio="xMidYMid meet"
          viewBox="0 0 32 32"
          width="16"
          xmlns="http://www.w3.org/2000/svg"
        >
          <path
            d="M25.7,9.3l-7-7C18.5,2.1,18.3,2,18,2H8C6.9,2,6,2.9,6,4v24c0,1.1,0.9,2,2,2h16c1.1,0,2-0.9,2-2V10C26,9.7,25.9,9.5,25.7,9.3 z M18,4.4l5.6,5.6H18V4.4z M24,28H8V4h8v6c0,1.1,0.9,2,2,2h6V28z"
          />
          <path
            d="M10 22H22V24H10zM10 16H22V18H10z"
          />
        </svg>
        notes example - by 
      </span>
    </div>
    <div
      class="sub-items-body"
    >
      <span
        class="sub-items-title"
      >
        Vitals
      </span>
      <div
        class="row-body"
      >
        <div
          class="row-element is-abnormal"
          data-testid="subItem-0"
        >
          <div
            class="row-content"
          >
            <div
              class="row-label"
            >
              Temperature (F)
               
              <span
                class="sub-label"
              >
                (95 - 99.86)
              </span>
            </div>
            <div
              class="row-value"
            >
              100
               
              
            </div>
          </div>
        </div>
        <div
          class="row-element "
          data-testid="subItem-1"
        >
          <div
            class="row-content"
          >
            <div
              class="row-label"
            >
              Pulse
               
              <span
                class="sub-label"
              >
                (60 - 100)
              </span>
            </div>
            <div
              class="row-value"
            >
              12
               
              beats/min
            </div>
          </div>
        </div>
        <div
          class="row-element "
          data-testid="subItem-2"
        >
          <div
            class="row-content"
          >
            <div
              class="row-label"
            >
              Respiratory rate
               
              <span
                class="sub-label"
              >
                (12 - 18)
              </span>
            </div>
            <div
              class="row-value"
            >
              12
               
              
            </div>
          </div>
          <span
            class="notes-section"
          >
            <svg
              aria-hidden="true"
              class="document-icon"
              fill="currentColor"
              focusable="false"
              height="16"
              preserveAspectRatio="xMidYMid meet"
              viewBox="0 0 32 32"
              width="16"
              xmlns="http://www.w3.org/2000/svg"
            >
              <path
                d="M25.7,9.3l-7-7C18.5,2.1,18.3,2,18,2H8C6.9,2,6,2.9,6,4v24c0,1.1,0.9,2,2,2h16c1.1,0,2-0.9,2-2V10C26,9.7,25.9,9.5,25.7,9.3 z M18,4.4l5.6,5.6H18V4.4z M24,28H8V4h8v6c0,1.1,0.9,2,2,2h6V28z"
              />
              <path
                d="M10 22H22V24H10zM10 16H22V18H10z"
              />
            </svg>
            nested children notes example - by 
          </span>
        </div>
      </div>
    </div>
  </div>
</div>
`;
